// Jest Snapshot v1, https://goo.gl/fbAQLP

exports[`redux-bearing renders correctly 1`] = `
<button
  onClick={[Function]}
>
  0
</button>
`;

exports[`redux-bearing renders correctly 2`] = `
<button
  onClick={[Function]}
>
  0
</button>
`;

exports[`redux-bearing renders correctly 3`] = `
<button
  onClick={[Function]}
>
  0
</button>
`;
